// Jest Snapshot v1, https://goo.gl/fbAQLP

exports[`Tests in  <Sidebar /> should match with snapshot 1`] = `<div />`;
